// Jest Snapshot v1, https://goo.gl/fbAQLP

exports[`CreateIcon renders correctly 1`] = `
<View
  accessible={true}
  collapsable={false}
  focusable={true}
  nativeID="animatedComponent"
  onClick={[Function]}
  onResponderGrant={[Function]}
  onResponderMove={[Function]}
  onResponderRelease={[Function]}
  onResponderTerminate={[Function]}
  onResponderTerminationRequest={[Function]}
  onStartShouldSetResponder={[Function]}
  style={
    Object {
      "alignItems": "center",
      "backgroundColor": "#01579B",
      "borderRadius": 30,
      "bottom": 24,
      "height": 60,
      "justifyContent": "center",
      "opacity": 1,
      "position": "absolute",
      "right": 24,
      "shadowColor": "#000",
      "shadowOffset": Object {
        "height": 4,
        "width": 0,
      },
      "shadowOpacity": 0.4,
      "width": 60,
      "zIndex": 3,
    }
  }
  testID="createNoteIcon"
>
  <Text
    allowFontScaling={false}
    style={
      Array [
        Object {
          "color": "#FFFFFF",
          "fontSize": 24,
        },
        undefined,
        Object {
          "fontFamily": "FontAwesome",
          "fontStyle": "normal",
          "fontWeight": "normal",
        },
        Object {},
      ]
    }
  >
    
  </Text>
</View>
`;
