// Jest Snapshot v1, https://goo.gl/fbAQLP

exports[`NoteItem renders correctly 1`] = `
<View
  style={
    Object {
      "alignItems": "center",
      "backgroundColor": "#FFFFFF",
      "borderRadius": 12,
      "flex": 1,
      "flexDirection": "row",
      "margin": 12,
      "marginVertical": 8,
      "shadowColor": "#000",
      "shadowOffset": Object {
        "height": 6,
        "width": 0,
      },
      "shadowOpacity": 0.2,
    }
  }
>
  <View
    accessible={true}
    collapsable={false}
    focusable={true}
    nativeID="animatedComponent"
    onClick={[Function]}
    onResponderGrant={[Function]}
    onResponderMove={[Function]}
    onResponderRelease={[Function]}
    onResponderTerminate={[Function]}
    onResponderTerminationRequest={[Function]}
    onStartShouldSetResponder={[Function]}
    style={
      Object {
        "alignItems": "center",
        "backgroundColor": "#D6DBDF",
        "borderBottomLeftRadius": 12,
        "borderTopLeftRadius": 12,
        "flex": 4,
        "flexDirection": "row",
        "opacity": 1,
        "padding": 16,
        "shadowColor": "#000",
        "shadowOffset": Object {
          "height": 6,
          "width": 0,
        },
        "shadowOpacity": 0.1,
      }
    }
    testID="detailNavigator"
  >
    <View
      style={
        Object {
          "marginRight": 12,
        }
      }
    >
      <Text
        allowFontScaling={false}
        style={
          Array [
            Object {
              "color": "#607D8B",
              "fontSize": 24,
            },
            undefined,
            Object {
              "fontFamily": "FontAwesome",
              "fontStyle": "normal",
              "fontWeight": "normal",
            },
            Object {},
          ]
        }
      >
        
      </Text>
    </View>
    <View>
      <Text
        style={
          Object {
            "color": "#222",
            "fontSize": 16,
            "fontWeight": "600",
          }
        }
      >
        note title
      </Text>
      <Text
        style={
          Object {
            "color": "#222",
            "fontSize": 12,
          }
        }
      >
        Fri Jan 21 2022 | 11:34:45 AM
      </Text>
    </View>
  </View>
  <View
    accessible={true}
    collapsable={false}
    focusable={true}
    nativeID="animatedComponent"
    onClick={[Function]}
    onResponderGrant={[Function]}
    onResponderMove={[Function]}
    onResponderRelease={[Function]}
    onResponderTerminate={[Function]}
    onResponderTerminationRequest={[Function]}
    onStartShouldSetResponder={[Function]}
    style={
      Object {
        "alignItems": "center",
        "flex": 1,
        "opacity": 1,
      }
    }
    testID="createNoteNavigator"
  >
    <Text
      allowFontScaling={false}
      style={
        Array [
          Object {
            "color": "#01579B",
            "fontSize": 22,
          },
          undefined,
          Object {
            "fontFamily": "FontAwesome",
            "fontStyle": "normal",
            "fontWeight": "normal",
          },
          Object {},
        ]
      }
    >
      
    </Text>
  </View>
</View>
`;
